// Jest Snapshot v1, https://goo.gl/fbAQLP

exports[`ParticipantList renders correctly 1`] = `
<div>
  <div
    class="space-y-4"
  >
    <div
      class="flex items-center justify-between"
    >
      <h3
        class="text-lg font-medium"
      >
        Participants (
        2
        /
        10
        )
      </h3>
    </div>
    <div
      class="relative w-full overflow-auto"
    >
      <table
        class="w-full caption-bottom text-sm"
      >
        <thead
          class="[&_tr]:border-b"
        >
          <tr
            class="border-b transition-colors hover:bg-muted/50 data-[state=selected]:bg-muted"
          >
            <th
              class="h-10 px-2 text-left align-middle font-medium text-muted-foreground [&:has([role=checkbox])]:pr-0 [&>[role=checkbox]]:translate-y-[2px]"
            >
              Name
            </th>
            <th
              class="h-10 px-2 text-left align-middle font-medium text-muted-foreground [&:has([role=checkbox])]:pr-0 [&>[role=checkbox]]:translate-y-[2px]"
            >
              Registration Date
            </th>
            <th
              class="h-10 px-2 text-left align-middle font-medium text-muted-foreground [&:has([role=checkbox])]:pr-0 [&>[role=checkbox]]:translate-y-[2px]"
            />
          </tr>
        </thead>
        <tbody
          class="[&_tr:last-child]:border-0"
        >
          <tr
            class="border-b transition-colors hover:bg-muted/50 data-[state=selected]:bg-muted"
          >
            <td
              class="p-2 align-middle [&:has([role=checkbox])]:pr-0 [&>[role=checkbox]]:translate-y-[2px]"
            >
              Alice
            </td>
            <td
              class="p-2 align-middle [&:has([role=checkbox])]:pr-0 [&>[role=checkbox]]:translate-y-[2px]"
            >
              November 11, 2023 at 01:00 AM
            </td>
            <td
              class="p-2 align-middle [&:has([role=checkbox])]:pr-0 [&>[role=checkbox]]:translate-y-[2px] text-right"
            />
          </tr>
          <tr
            class="border-b transition-colors hover:bg-muted/50 data-[state=selected]:bg-muted"
          >
            <td
              class="p-2 align-middle [&:has([role=checkbox])]:pr-0 [&>[role=checkbox]]:translate-y-[2px]"
            >
              Bob
            </td>
            <td
              class="p-2 align-middle [&:has([role=checkbox])]:pr-0 [&>[role=checkbox]]:translate-y-[2px]"
            >
              November 12, 2023 at 01:00 AM
            </td>
            <td
              class="p-2 align-middle [&:has([role=checkbox])]:pr-0 [&>[role=checkbox]]:translate-y-[2px] text-right"
            />
          </tr>
        </tbody>
      </table>
    </div>
  </div>
</div>
`;
